1: 0
2: 0
3: 0
4: 0
5: 0
6: 2
7: 0
8: 0
9: 0
10: 0
11: 2
12: 0
13: 0
14: 0
15: 0
16: 2
17: 2
18: 0
19: 0
20: 0
21: 2
22: 0
23: 2
24: 2
25: 2
26: 0
27: 0
28: 0
29: 0
30: 0
31: 0
32: 0
33: 0
34: 0
35: 0
36: 0
37: 0
38: 2
39: 2
40: 2
41: 2
42: 0
43: 0
44: 2
45: 0
46: 2
47: 2
48: 0
49: 0
50: 3
51: 2
52: 0
53: 0
54: 2
55: 0
56: 0
57: 0
58: 2
59: 2
60: 3
61: 0
62: 2
63: 2
64: 0
65: 4
66: 2
67: 0
68: 2
69: 2
70: 0
71: 2
72: 2
73: 2
74: 2
75: 2
76: 0
77: 0
78: 0
79: 0
80: 2
81: 2
82: 2
83: 2
84: 2
85: 0
86: 0
87: 0
88: 2
89: 0
90: 0
91: 0
92: 0
93: 0
94: 2
95: 2
96: 2
97: 2
98: 0
99: 0
100: 4
